Archive member included because of file (symbol)

/usr/local/Cellar/gcc-arm-none-eabi-49/20150925/bin/../lib/gcc/arm-none-eabi/4.9.3/libgcc.a(_udivsi3.o)
                              build/obj/serial_lld.o (__aeabi_uidiv)
/usr/local/Cellar/gcc-arm-none-eabi-49/20150925/bin/../lib/gcc/arm-none-eabi/4.9.3/libgcc.a(_dvmd_tls.o)
                              /usr/local/Cellar/gcc-arm-none-eabi-49/20150925/bin/../lib/gcc/arm-none-eabi/4.9.3/libgcc.a(_udivsi3.o) (__aeabi_idiv0)
/usr/local/Cellar/gcc-arm-none-eabi-49/20150925/bin/../lib/gcc/arm-none-eabi/4.9.3/libgcc.a(_arm_addsubdf3.o)
                              build/obj/chprintf.o (__aeabi_dsub)
/usr/local/Cellar/gcc-arm-none-eabi-49/20150925/bin/../lib/gcc/arm-none-eabi/4.9.3/libgcc.a(_arm_muldivdf3.o)
                              build/obj/chprintf.o (__aeabi_dmul)
/usr/local/Cellar/gcc-arm-none-eabi-49/20150925/bin/../lib/gcc/arm-none-eabi/4.9.3/libgcc.a(_arm_fixdfsi.o)
                              build/obj/chprintf.o (__aeabi_d2iz)
/usr/local/Cellar/gcc-arm-none-eabi-49/20150925/bin/../lib/gcc/arm-none-eabi/4.9.3/libgcc.a(_arm_truncdfsf2.o)
                              build/obj/chprintf.o (__aeabi_d2f)
/usr/local/Cellar/gcc-arm-none-eabi-49/20150925/bin/../lib/gcc/arm-none-eabi/4.9.3/libgcc.a(_arm_cmpsf2.o)
                              build/obj/chprintf.o (__aeabi_fcmplt)
/usr/local/Cellar/gcc-arm-none-eabi-49/20150925/bin/../lib/gcc/arm-none-eabi/4.9.3/libgcc.a(_arm_fixsfsi.o)
                              build/obj/chprintf.o (__aeabi_f2iz)
/usr/local/Cellar/gcc-arm-none-eabi-49/20150925/bin/../lib/gcc/arm-none-eabi/4.9.3/../../../../arm-none-eabi/lib/libc.a(lib_a-strcasecmp.o)
                              build/obj/shell.o (strcasecmp)
/usr/local/Cellar/gcc-arm-none-eabi-49/20150925/bin/../lib/gcc/arm-none-eabi/4.9.3/../../../../arm-none-eabi/lib/libc.a(lib_a-strchr.o)
                              build/obj/shell.o (strchr)
/usr/local/Cellar/gcc-arm-none-eabi-49/20150925/bin/../lib/gcc/arm-none-eabi/4.9.3/../../../../arm-none-eabi/lib/libc.a(lib_a-strspn.o)
                              build/obj/shell.o (strspn)
/usr/local/Cellar/gcc-arm-none-eabi-49/20150925/bin/../lib/gcc/arm-none-eabi/4.9.3/../../../../arm-none-eabi/lib/libc.a(lib_a-ctype_.o)
                              /usr/local/Cellar/gcc-arm-none-eabi-49/20150925/bin/../lib/gcc/arm-none-eabi/4.9.3/../../../../arm-none-eabi/lib/libc.a(lib_a-strcasecmp.o) (__ctype_ptr__)

Allocating common symbols
Common symbol       size              file

test_timer_done     0x4               build/obj/test.o
I2C1                0x40              build/obj/i2c_lld.o
I2C0                0x40              build/obj/i2c_lld.o
IOPORT1             0x18              build/obj/pal_lld.o
IOPORT0             0x18              build/obj/pal_lld.o
threads             0x14              build/obj/test.o
shell_terminated    0x4               build/obj/shell.o
SPI0                0x28              build/obj/spi_lld.o
test                0x578             build/obj/test.o
vtlist              0x10              build/obj/chvt.o
rlist               0x1c              build/obj/chschd.o
_idle_thread_wa     0x9c              build/obj/chsys.o
SD1                 0x74              build/obj/serial_lld.o

Discarded input sections

 .data          0x0000000000000000        0x0 build/obj/crt0.o
 .bss           0x0000000000000000        0x0 build/obj/crt0.o
 .data          0x0000000000000000        0x0 build/obj/chcoreasm.o
 .bss           0x0000000000000000        0x0 build/obj/chcoreasm.o
 .data          0x0000000000000000        0x0 build/obj/vectors.o
 .bss           0x0000000000000000        0x0 build/obj/vectors.o
 .text          0x0000000000000000        0x0 build/obj/chcore.o
 .data          0x0000000000000000        0x0 build/obj/chcore.o
 .bss           0x0000000000000000        0x0 build/obj/chcore.o
 .text.port_halt
                0x0000000000000000       0x18 build/obj/chcore.o
 .debug_info    0x0000000000000000       0x8b build/obj/chcore.o
 .debug_abbrev  0x0000000000000000       0x42 build/obj/chcore.o
 .debug_aranges
                0x0000000000000000       0x20 build/obj/chcore.o
 .debug_ranges  0x0000000000000000       0x10 build/obj/chcore.o
 .debug_line    0x0000000000000000       0x55 build/obj/chcore.o
 .debug_str     0x0000000000000000      0x196 build/obj/chcore.o
 .comment       0x0000000000000000       0x71 build/obj/chcore.o
 .debug_frame   0x0000000000000000       0x20 build/obj/chcore.o
 .ARM.attributes
                0x0000000000000000       0x37 build/obj/chcore.o
 .text          0x0000000000000000        0x0 build/obj/chsys.o
 .data          0x0000000000000000        0x0 build/obj/chsys.o
 .bss           0x0000000000000000        0x0 build/obj/chsys.o
 .text          0x0000000000000000        0x0 build/obj/chdebug.o
 .data          0x0000000000000000        0x0 build/obj/chdebug.o
 .bss           0x0000000000000000        0x0 build/obj/chdebug.o
[...]
Memory Configuration

Name             Origin             Length             Attributes
ram              0x0000000000008000 0x0000000005ffffe0
*default*        0x0000000000000000 0xffffffffffffffff

Linker script and memory map

LOAD build/obj/crt0.o
LOAD build/obj/chcoreasm.o
LOAD build/obj/vectors.o
LOAD build/obj/chcore.o
LOAD build/obj/chsys.o
LOAD build/obj/chdebug.o
LOAD build/obj/chlists.o
LOAD build/obj/chvt.o
LOAD build/obj/chschd.o
LOAD build/obj/chthreads.o
LOAD build/obj/chdynamic.o
LOAD build/obj/chregistry.o
LOAD build/obj/chsem.o
LOAD build/obj/chmtx.o
LOAD build/obj/chcond.o
LOAD build/obj/chevents.o
LOAD build/obj/chmsg.o
LOAD build/obj/chmboxes.o
LOAD build/obj/chqueues.o
LOAD build/obj/chmemcore.o
LOAD build/obj/chheap.o
LOAD build/obj/chmempools.o
LOAD build/obj/test.o
LOAD build/obj/testthd.o
LOAD build/obj/testsem.o
LOAD build/obj/testmtx.o
LOAD build/obj/testmsg.o
LOAD build/obj/testmbox.o
LOAD build/obj/testevt.o
LOAD build/obj/testheap.o
LOAD build/obj/testpools.o
LOAD build/obj/testdyn.o
LOAD build/obj/testqueues.o
LOAD build/obj/testbmk.o
LOAD build/obj/hal.o
LOAD build/obj/adc.o
LOAD build/obj/can.o
LOAD build/obj/ext.o
LOAD build/obj/gpt.o
LOAD build/obj/i2c.o
LOAD build/obj/icu.o
LOAD build/obj/mac.o
LOAD build/obj/mmc_spi.o
LOAD build/obj/mmcsd.o
LOAD build/obj/pal.o
LOAD build/obj/pwm.o
LOAD build/obj/rtc.o
LOAD build/obj/sdc.o
LOAD build/obj/serial.o
LOAD build/obj/serial_usb.o
LOAD build/obj/spi.o
LOAD build/obj/tm.o
LOAD build/obj/uart.o
LOAD build/obj/usb.o
LOAD build/obj/hal_lld.o
LOAD build/obj/pal_lld.o
LOAD build/obj/serial_lld.o
LOAD build/obj/i2c_lld.o
LOAD build/obj/spi_lld.o
LOAD build/obj/gpt_lld.o
LOAD build/obj/pwm_lld.o
LOAD build/obj/bcm2835.o
LOAD build/obj/board.o
LOAD build/obj/shell.o
LOAD build/obj/chprintf.o
LOAD build/obj/main.o
START GROUP
LOAD /usr/local/Cellar/gcc-arm-none-eabi-49/20150925/bin/../lib/gcc/arm-none-eabi/4.9.3/libgcc.a
LOAD /usr/local/Cellar/gcc-arm-none-eabi-49/20150925/bin/../lib/gcc/arm-none-eabi/4.9.3/../../../../arm-none-eabi/lib/libc.a
END GROUP
                0x0000000000000004                __und_stack_size__ = 0x4
                0x0000000000000004                __abt_stack_size__ = 0x4
                0x0000000000000010                __fiq_stack_size__ = 0x10
                0x0000000000000080                __irq_stack_size__ = 0x80
                0x0000000000000004                __svc_stack_size__ = 0x4
                0x0000000000000400                __sys_stack_size__ = 0x400
                0x000000000000049c                __stacks_total_size__ = (((((__und_stack_size__ + __abt_stack_size__) + __fiq_stack_size__) + __irq_stack_size__) + __svc_stack_size__) + __sys_stack_size__)
                0x0000000000008000                __ram_start__ = ORIGIN (ram)
                0x0000000005ffffe0                __ram_size__ = 0x5ffffe0
                0x0000000006007fe0                __ram_end__ = (__ram_start__ + __ram_size__)
                0x0000000000000000                . = 0x0

.text           0x0000000000008000     0x1e9c
                0x0000000000008000                _text = .
 *(vectors)
 vectors        0x0000000000008000       0x40 build/obj/vectors.o
 *(.text)
 .text          0x0000000000008040       0xa8 build/obj/crt0.o
                0x0000000000008040                ResetHandler
                0x00000000000080c0                _main_exit_handler
 *fill*         0x00000000000080e8        0x8 
 .text          0x00000000000080f0       0x84 build/obj/chcoreasm.o
                0x00000000000080f0                _port_switch_arm
                0x0000000000008100                _port_irq_common
                0x0000000000008160                _port_thread_start
 *fill*         0x0000000000008174        0xc 
 .text          0x0000000000008180       0x38 build/obj/vectors.o
                0x0000000000008180                FiqHandler
                0x0000000000008180                UndHandler
                0x0000000000008180                AbortHandler
                0x0000000000008180                _unhandled_exception
                0x0000000000008180                SwiHandler
                0x0000000000008180                PrefetchHandler
                0x0000000000008184                __early_init
                0x00000000000081a0                arm_enable_irq
                0x00000000000081b0                get_cpsr
 *(.text.*)
 *fill*         0x00000000000081b8        0x8 
 .text._idle_thread
                0x00000000000081c0       0x20 build/obj/chsys.o
                0x00000000000081c0                _idle_thread
 .text.chSysInit
                0x00000000000081e0       0x78 build/obj/chsys.o
                0x00000000000081e0                chSysInit
 *fill*         0x0000000000008258        0x8 
 .text.chSysTimerHandlerI
                0x0000000000008260       0x90 build/obj/chsys.o
                0x0000000000008260                chSysTimerHandlerI
 .text._vt_init
                0x00000000000082f0       0x24 build/obj/chvt.o
                0x00000000000082f0                _vt_init
 *fill*         0x0000000000008314        0xc 
 .text.chVTSetI
                0x0000000000008320       0x60 build/obj/chvt.o
                0x0000000000008320                chVTSetI
 .text.chVTResetI
                0x0000000000008380       0x3c build/obj/chvt.o
                0x0000000000008380                chVTResetI
 *fill*         0x00000000000083bc        0x4 
 .text.wakeup   0x00000000000083c0       0xac build/obj/chschd.o
 *fill*         0x000000000000846c        0x4 
 .text._scheduler_init
                0x0000000000008470       0x24 build/obj/chschd.o
                0x0000000000008470                _scheduler_init
 *fill*         0x0000000000008494        0xc 
 .text.chSchReadyI
                0x00000000000084a0       0x44 build/obj/chschd.o
                0x00000000000084a0                chSchReadyI
 *fill*         0x00000000000084e4        0xc 
 .text.chSchGoSleepS
                0x00000000000084f0       0x44 build/obj/chschd.o
                0x00000000000084f0                chSchGoSleepS
 *fill*         0x0000000000008534        0xc 
 .text.chSchGoSleepTimeoutS
                0x0000000000008540       0x74 build/obj/chschd.o
                0x0000000000008540                chSchGoSleepTimeoutS
 *fill*         0x00000000000085b4        0xc 
 .text.chSchWakeupS
                0x00000000000085c0       0xa0 build/obj/chschd.o
                0x00000000000085c0                chSchWakeupS
 .text.chSchIsPreemptionRequired
                0x0000000000008660       0x44 build/obj/chschd.o
                0x0000000000008660                chSchIsPreemptionRequired
 *fill*         0x00000000000086a4        0xc 
 .text.chSchDoRescheduleBehind
                0x00000000000086b0       0x78 build/obj/chschd.o
                0x00000000000086b0                chSchDoRescheduleBehind
 *fill*         0x0000000000008728        0x8 
 .text.chSchDoRescheduleAhead
                0x0000000000008730       0x70 build/obj/chschd.o
                0x0000000000008730                chSchDoRescheduleAhead
 .text.chSchDoReschedule
                0x00000000000087a0       0x20 build/obj/chschd.o
                0x00000000000087a0                chSchDoReschedule
 .text._thread_init
                0x00000000000087c0       0x70 build/obj/chthreads.o
                0x00000000000087c0                _thread_init
 .text.chThdCreateStatic
                0x0000000000008830       0xac build/obj/chthreads.o
                0x0000000000008830                chThdCreateStatic
 *fill*         0x00000000000088dc        0x4 
 .text.chThdSleep
                0x00000000000088e0       0x1c build/obj/chthreads.o
                0x00000000000088e0                chThdSleep
 *fill*         0x00000000000088fc        0x4 
 .text.chThdExitS
                0x0000000000008900       0x6c build/obj/chthreads.o
                0x0000000000008900                chThdExitS
 *fill*         0x000000000000896c        0x4 
 .text.chThdExit
                0x0000000000008970        0x8 build/obj/chthreads.o
                0x0000000000008970                chThdExit
 *fill*         0x0000000000008978        0x8 
 .text.chThdWait
                0x0000000000008980       0x50 build/obj/chthreads.o
                0x0000000000008980                chThdWait
 .text.chThdRelease
                0x00000000000089d0       0x54 build/obj/chdynamic.o
                0x00000000000089d0                chThdRelease
 *fill*         0x0000000000008a24        0xc 
 .text.chMtxInit
                0x0000000000008a30       0x14 build/obj/chmtx.o
                0x0000000000008a30                chMtxInit
 *fill*         0x0000000000008a44        0xc 
 .text.chMtxLockS
                0x0000000000008a50      0x17c build/obj/chmtx.o
                0x0000000000008a50                chMtxLockS
 *fill*         0x0000000000008bcc        0x4 
 .text.chMtxLock
                0x0000000000008bd0       0x14 build/obj/chmtx.o
                0x0000000000008bd0                chMtxLock
 *fill*         0x0000000000008be4        0xc 
 .text.chMtxUnlock
                0x0000000000008bf0       0xa0 build/obj/chmtx.o
                0x0000000000008bf0                chMtxUnlock
 .text.chEvtSignalI
                0x0000000000008c90       0x54 build/obj/chevents.o
                0x0000000000008c90                chEvtSignalI
 *fill*         0x0000000000008ce4        0xc 
 .text.chEvtBroadcastFlagsI
                0x0000000000008cf0       0x40 build/obj/chevents.o
                0x0000000000008cf0                chEvtBroadcastFlagsI
 .text.qwait    0x0000000000008d30       0x3c build/obj/chqueues.o
 *fill*         0x0000000000008d6c        0x4 
 .text.chIQInit
                0x0000000000008d70       0x38 build/obj/chqueues.o
                0x0000000000008d70                chIQInit
 *fill*         0x0000000000008da8        0x8 
 .text.chIQPutI
                0x0000000000008db0       0x88 build/obj/chqueues.o
                0x0000000000008db0                chIQPutI
 *fill*         0x0000000000008e38        0x8 
 .text.chIQGetTimeout
                0x0000000000008e40       0x74 build/obj/chqueues.o
                0x0000000000008e40                chIQGetTimeout
 *fill*         0x0000000000008eb4        0xc 
 .text.chIQReadTimeout
                0x0000000000008ec0       0xa8 build/obj/chqueues.o
                0x0000000000008ec0                chIQReadTimeout
 *fill*         0x0000000000008f68        0x8 
 .text.chOQInit
                0x0000000000008f70       0x34 build/obj/chqueues.o
                0x0000000000008f70                chOQInit
 *fill*         0x0000000000008fa4        0xc 
 .text.chOQPutTimeout
                0x0000000000008fb0       0x8c build/obj/chqueues.o
                0x0000000000008fb0                chOQPutTimeout
 *fill*         0x000000000000903c        0x4 
 .text.chOQGetI
                0x0000000000009040       0x80 build/obj/chqueues.o
                0x0000000000009040                chOQGetI
 .text.chOQWriteTimeout
                0x00000000000090c0       0xac build/obj/chqueues.o
                0x00000000000090c0                chOQWriteTimeout
 *fill*         0x000000000000916c        0x4 
 .text._core_init
                0x0000000000009170       0x34 build/obj/chmemcore.o
                0x0000000000009170                _core_init
 *fill*         0x00000000000091a4        0xc 
 .text.chCoreAlloc
                0x00000000000091b0       0x44 build/obj/chmemcore.o
                0x00000000000091b0                chCoreAlloc
 *fill*         0x00000000000091f4        0xc 
 .text._heap_init
                0x0000000000009200       0x28 build/obj/chheap.o
                0x0000000000009200                _heap_init
 *fill*         0x0000000000009228        0x8 
 .text.chHeapFree
                0x0000000000009230       0xbc build/obj/chheap.o
                0x0000000000009230                chHeapFree
 *fill*         0x00000000000092ec        0x4 
 .text.halInit  0x00000000000092f0       0x2c build/obj/hal.o
                0x00000000000092f0                halInit
 *fill*         0x000000000000931c        0x4 
 .text.i2cInit  0x0000000000009320        0x4 build/obj/i2c.o
                0x0000000000009320                i2cInit
 *fill*         0x0000000000009324        0xc 
 .text.i2cObjectInit
                0x0000000000009330       0x18 build/obj/i2c.o
                0x0000000000009330                i2cObjectInit
 *fill*         0x0000000000009348        0x8 
 .text.readt    0x0000000000009350        0x8 build/obj/serial.o
 *fill*         0x0000000000009358        0x8 
 .text.read     0x0000000000009360        0xc build/obj/serial.o
 *fill*         0x000000000000936c        0x4 
 .text.writet   0x0000000000009370        0x8 build/obj/serial.o
 *fill*         0x0000000000009378        0x8 
 .text.write    0x0000000000009380        0xc build/obj/serial.o
 *fill*         0x000000000000938c        0x4 
 .text.gett     0x0000000000009390        0x8 build/obj/serial.o
 *fill*         0x0000000000009398        0x8 
 .text.get      0x00000000000093a0        0xc build/obj/serial.o
 *fill*         0x00000000000093ac        0x4 
 .text.putt     0x00000000000093b0        0x8 build/obj/serial.o
 *fill*         0x00000000000093b8        0x8 
 .text.put      0x00000000000093c0        0xc build/obj/serial.o
 *fill*         0x00000000000093cc        0x4 
 .text.sdInit   0x00000000000093d0        0x4 build/obj/serial.o
                0x00000000000093d0                sdInit
 *fill*         0x00000000000093d4        0xc 
 .text.sdObjectInit
                0x00000000000093e0       0x60 build/obj/serial.o
                0x00000000000093e0                sdObjectInit
 .text.sdIncomingDataI
                0x0000000000009440       0x4c build/obj/serial.o
                0x0000000000009440                sdIncomingDataI
 *fill*         0x000000000000948c        0x4 
 .text.sdRequestDataI
                0x0000000000009490       0x34 build/obj/serial.o
                0x0000000000009490                sdRequestDataI
 *fill*         0x00000000000094c4        0xc 
 .text.spiInit  0x00000000000094d0        0x4 build/obj/spi.o
                0x00000000000094d0                spiInit
 *fill*         0x00000000000094d4        0xc 
 .text.spiObjectInit
                0x00000000000094e0       0x1c build/obj/spi.o
                0x00000000000094e0                spiObjectInit
 *fill*         0x00000000000094fc        0x4 
 .text.tm_start
                0x0000000000009500       0x14 build/obj/tm.o
 *fill*         0x0000000000009514        0xc 
 .text.tm_stop  0x0000000000009520       0x48 build/obj/tm.o
 *fill*         0x0000000000009568        0x8 
 .text.tmInit   0x0000000000009570       0x64 build/obj/tm.o
                0x0000000000009570                tmInit
 *fill*         0x00000000000095d4        0xc 
 .text.IrqHandler
                0x00000000000095e0       0x40 build/obj/hal_lld.o
                0x00000000000095e0                IrqHandler
 .text.hal_lld_init
                0x0000000000009620       0x50 build/obj/hal_lld.o
                0x0000000000009620                hal_lld_init
 .text.set_gpio_in.isra.0
                0x0000000000009670       0x50 build/obj/pal_lld.o
 .text.set_gpio_pud.isra.1
                0x00000000000096c0       0x44 build/obj/pal_lld.o
 *fill*         0x0000000000009704        0xc 
 .text._pal_lld_init
                0x0000000000009710       0x8c build/obj/pal_lld.o
                0x0000000000009710                _pal_lld_init
 *fill*         0x000000000000979c        0x4 
 .text._pal_lld_setgroupmode
                0x00000000000097a0       0xe0 build/obj/pal_lld.o
                0x00000000000097a0                _pal_lld_setgroupmode
 .text._pal_lld_writeport
                0x0000000000009880       0x1c build/obj/pal_lld.o
                0x0000000000009880                _pal_lld_writeport
 *fill*         0x000000000000989c        0x4 
 .text.output_notify
                0x00000000000098a0       0x18 build/obj/serial_lld.o
 *fill*         0x00000000000098b8        0x8 
 .text.sd_lld_serve_interrupt
                0x00000000000098c0       0xac build/obj/serial_lld.o
                0x00000000000098c0                sd_lld_serve_interrupt
 *fill*         0x000000000000996c        0x4 
 .text.sd_lld_init
                0x0000000000009970       0x18 build/obj/serial_lld.o
                0x0000000000009970                sd_lld_init
 *fill*         0x0000000000009988        0x8 
 .text.i2c_lld_serve_interrupt
                0x0000000000009990      0x164 build/obj/i2c_lld.o
                0x0000000000009990                i2c_lld_serve_interrupt
 *fill*         0x0000000000009af4        0xc 
 .text.i2c_lld_init
                0x0000000000009b00       0x1c build/obj/i2c_lld.o
                0x0000000000009b00                i2c_lld_init
 *fill*         0x0000000000009b1c        0x4 
 .text.spi_lld_serve_interrupt
                0x0000000000009b20      0x19c build/obj/spi_lld.o
                0x0000000000009b20                spi_lld_serve_interrupt
 *fill*         0x0000000000009cbc        0x4 
 .text.spi_lld_init
                0x0000000000009cc0        0xc build/obj/spi_lld.o
                0x0000000000009cc0                spi_lld_init
 *fill*         0x0000000000009ccc        0x4 
 .text.bcm2835_gpio_fnsel
                0x0000000000009cd0       0x4c build/obj/bcm2835.o
                0x0000000000009cd0                bcm2835_gpio_fnsel
 *fill*         0x0000000000009d1c        0x4 
 .text.bcm2835_delay
                0x0000000000009d20       0x3c build/obj/bcm2835.o
                0x0000000000009d20                bcm2835_delay
 *fill*         0x0000000000009d5c        0x4 
 .text.boardInit
                0x0000000000009d60        0x4 build/obj/board.o
                0x0000000000009d60                boardInit
 *fill*         0x0000000000009d64        0xc 
 .text.Thread_LED1
                0x0000000000009d70       0x58 build/obj/main.o
 *fill*         0x0000000000009dc8        0x8 
 .text.startup.main
                0x0000000000009dd0       0x64 build/obj/main.o
                0x0000000000009dd0                main
 *(.rodata)
 *(.rodata.*)
 *fill*         0x0000000000009e34        0xc 
 .rodata.str1.4
                0x0000000000009e40        0x5 build/obj/chsys.o
 *fill*         0x0000000000009e45        0xb 
 .rodata.ch_debug
                0x0000000000009e50       0x16 build/obj/chregistry.o
                0x0000000000009e50                ch_debug
 *fill*         0x0000000000009e66        0xa 
 .rodata.vmt    0x0000000000009e70       0x20 build/obj/serial.o
 .rodata.pal_default_config
                0x0000000000009e90        0x0 build/obj/board.o
                0x0000000000009e90                pal_default_config
 .rodata.str1.4
                0x0000000000009e90        0xc build/obj/main.o
                                          0xa (size before relaxing)
 *(.glue_7t)
 .glue_7t       0x0000000000000000        0x0 linker stubs
 *(.glue_7)
 .glue_7        0x0000000000000000        0x0 linker stubs
 *(.gcc*)
 *(.ctors)
 *(.dtors)

.vfp11_veneer   0x0000000000009e9c        0x0
 .vfp11_veneer  0x0000000000000000        0x0 linker stubs

.v4_bx          0x0000000000009e9c        0x0
 .v4_bx         0x0000000000000000        0x0 linker stubs

.iplt           0x0000000000009e9c        0x0
 .iplt          0x0000000000000000        0x0 build/obj/crt0.o

.rel.dyn        0x0000000000009e9c        0x0
 .rel.iplt      0x0000000000000000        0x0 build/obj/crt0.o

.ARM.extab
 *(.ARM.extab* .gnu.linkonce.armextab.*)
                0x0000000000009e9c                __exidx_start = .

.ARM.exidx
 *(.ARM.exidx* .gnu.linkonce.armexidx.*)
                0x0000000000009e9c                __exidx_end = .

.eh_frame_hdr
 *(.eh_frame_hdr)

.eh_frame
 *(.eh_frame)
                0x0000000000009e9c                . = ALIGN (0x4)
                0x0000000000009e9c                _etext = .
                0x0000000000009e9c                _textdata = _etext

.data           0x0000000000009e9c        0x0
                0x0000000000009e9c                _data = .
 *(.data)
                0x0000000000009e9c                . = ALIGN (0x4)
 *(.data.*)
                0x0000000000009e9c                . = ALIGN (0x4)
 *(.ramtext)
                0x0000000000009e9c                . = ALIGN (0x4)
                0x0000000000009e9c                _edata = .

.igot.plt       0x0000000000009e9c        0x0
 .igot.plt      0x0000000000000000        0x0 build/obj/crt0.o

.bss            0x0000000000009e9c      0x398
                0x0000000000009e9c                _bss_start = .
 *(.bss)
                0x0000000000009e9c                . = ALIGN (0x4)
 *(.bss.*)
 .bss.mainthread.4699
                0x0000000000009e9c       0x44 build/obj/chsys.o
 .bss.endmem    0x0000000000009ee0        0x4 build/obj/chmemcore.o
 .bss.nextmem   0x0000000000009ee4        0x4 build/obj/chmemcore.o
 .bss.default_heap
                0x0000000000009ee8       0x1c build/obj/chheap.o
 .bss.measurement_offset
                0x0000000000009f04        0x4 build/obj/tm.o
 .bss.waThread_LED1
                0x0000000000009f08      0x118 build/obj/main.o
                0x000000000000a020                . = ALIGN (0x4)
 *(COMMON)
 COMMON         0x000000000000a020       0x9c build/obj/chsys.o
                0x000000000000a020                _idle_thread_wa
 COMMON         0x000000000000a0bc       0x10 build/obj/chvt.o
                0x000000000000a0bc                vtlist
 COMMON         0x000000000000a0cc       0x1c build/obj/chschd.o
                0x000000000000a0cc                rlist
 COMMON         0x000000000000a0e8       0x30 build/obj/pal_lld.o
                0x000000000000a0e8                IOPORT1
                0x000000000000a100                IOPORT0
 COMMON         0x000000000000a118       0x74 build/obj/serial_lld.o
                0x000000000000a118                SD1
 COMMON         0x000000000000a18c       0x80 build/obj/i2c_lld.o
                0x000000000000a18c                I2C1
                0x000000000000a1cc                I2C0
 COMMON         0x000000000000a20c       0x28 build/obj/spi_lld.o
                0x000000000000a20c                SPI0
                0x000000000000a234                . = ALIGN (0x4)
                0x000000000000a234                _bss_end = .
                0x000000000000a234                PROVIDE (end, .)
                0x000000000000a234                _end = .
                0x000000000000a234                __heap_base__ = _end
                0x0000000006007b44                __heap_end__ = (__ram_end__ - __stacks_total_size__)
                0x0000000006007b44                __main_thread_stack_base__ = (__ram_end__ - __stacks_total_size__)
OUTPUT(build/ch.elf elf32-littlearm)

.ARM.attributes
                0x0000000000000000       0x33
 .ARM.attributes
                0x0000000000000000       0x25 build/obj/crt0.o
 .ARM.attributes
                0x0000000000000025       0x25 build/obj/chcoreasm.o
 .ARM.attributes
                0x000000000000004a       0x25 build/obj/vectors.o
 .ARM.attributes
                0x000000000000006f       0x37 build/obj/chsys.o
 .ARM.attributes
                0x00000000000000a6       0x37 build/obj/chvt.o
 .ARM.attributes
                0x00000000000000dd       0x37 build/obj/chschd.o
 .ARM.attributes
                0x0000000000000114       0x37 build/obj/chthreads.o
 .ARM.attributes
                0x000000000000014b       0x37 build/obj/chdynamic.o
 .ARM.attributes
                0x0000000000000182       0x37 build/obj/chregistry.o
 .ARM.attributes
                0x00000000000001b9       0x37 build/obj/chmtx.o
 .ARM.attributes
                0x00000000000001f0       0x37 build/obj/chevents.o
 .ARM.attributes
                0x0000000000000227       0x37 build/obj/chqueues.o
 .ARM.attributes
                0x000000000000025e       0x37 build/obj/chmemcore.o
 .ARM.attributes
                0x0000000000000295       0x37 build/obj/chheap.o
 .ARM.attributes
                0x00000000000002cc       0x37 build/obj/hal.o
 .ARM.attributes
                0x0000000000000303       0x37 build/obj/i2c.o
 .ARM.attributes
                0x000000000000033a       0x37 build/obj/serial.o
 .ARM.attributes
                0x0000000000000371       0x37 build/obj/spi.o
 .ARM.attributes
                0x00000000000003a8       0x37 build/obj/tm.o
 .ARM.attributes
                0x00000000000003df       0x37 build/obj/hal_lld.o
 .ARM.attributes
                0x0000000000000416       0x37 build/obj/pal_lld.o
 .ARM.attributes
                0x000000000000044d       0x37 build/obj/serial_lld.o
 .ARM.attributes
                0x0000000000000484       0x37 build/obj/i2c_lld.o
 .ARM.attributes
                0x00000000000004bb       0x37 build/obj/spi_lld.o
 .ARM.attributes
                0x00000000000004f2       0x37 build/obj/bcm2835.o
 .ARM.attributes
                0x0000000000000529       0x37 build/obj/board.o
 .ARM.attributes
                0x0000000000000560       0x37 build/obj/main.o

.comment        0x0000000000000000       0x70
 .comment       0x0000000000000000       0x70 build/obj/chsys.o
                                         0x71 (size before relaxing)
 .comment       0x0000000000000000       0x71 build/obj/chvt.o
 .comment       0x0000000000000000       0x71 build/obj/chschd.o
 .comment       0x0000000000000000       0x71 build/obj/chthreads.o
 .comment       0x0000000000000000       0x71 build/obj/chdynamic.o
 .comment       0x0000000000000000       0x71 build/obj/chregistry.o
 .comment       0x0000000000000000       0x71 build/obj/chmtx.o
 .comment       0x0000000000000000       0x71 build/obj/chevents.o
 .comment       0x0000000000000000       0x71 build/obj/chqueues.o
 .comment       0x0000000000000000       0x71 build/obj/chmemcore.o
 .comment       0x0000000000000000       0x71 build/obj/chheap.o
 .comment       0x0000000000000000       0x71 build/obj/hal.o
 .comment       0x0000000000000000       0x71 build/obj/i2c.o
 .comment       0x0000000000000000       0x71 build/obj/serial.o
 .comment       0x0000000000000000       0x71 build/obj/spi.o
 .comment       0x0000000000000000       0x71 build/obj/tm.o
 .comment       0x0000000000000000       0x71 build/obj/hal_lld.o
 .comment       0x0000000000000000       0x71 build/obj/pal_lld.o
 .comment       0x0000000000000000       0x71 build/obj/serial_lld.o
 .comment       0x0000000000000000       0x71 build/obj/i2c_lld.o
 .comment       0x0000000000000000       0x71 build/obj/spi_lld.o
 .comment       0x0000000000000000       0x71 build/obj/bcm2835.o
 .comment       0x0000000000000000       0x71 build/obj/board.o
 .comment       0x0000000000000000       0x71 build/obj/main.o

.debug_info     0x0000000000000000     0xad1b
 .debug_info    0x0000000000000000      0x78c build/obj/chsys.o
 .debug_info    0x000000000000078c      0x264 build/obj/chvt.o
 .debug_info    0x00000000000009f0      0x9a1 build/obj/chschd.o
 .debug_info    0x0000000000001391      0x9f8 build/obj/chthreads.o
 .debug_info    0x0000000000001d89      0x639 build/obj/chdynamic.o
 .debug_info    0x00000000000023c2      0x5a0 build/obj/chregistry.o
 .debug_info    0x0000000000002962      0x8ec build/obj/chmtx.o
 .debug_info    0x000000000000324e      0xa12 build/obj/chevents.o
 .debug_info    0x0000000000003c60      0xa4e build/obj/chqueues.o
 .debug_info    0x00000000000046ae      0x1cc build/obj/chmemcore.o
 .debug_info    0x000000000000487a      0x6c5 build/obj/chheap.o
 .debug_info    0x0000000000004f3f      0x23e build/obj/hal.o
 .debug_info    0x000000000000517d      0x8d4 build/obj/i2c.o
 .debug_info    0x0000000000005a51      0xdf0 build/obj/serial.o
 .debug_info    0x0000000000006841      0xb5c build/obj/spi.o
 .debug_info    0x000000000000739d      0x21c build/obj/tm.o
 .debug_info    0x00000000000075b9      0xb78 build/obj/hal_lld.o
 .debug_info    0x0000000000008131      0x474 build/obj/pal_lld.o
 .debug_info    0x00000000000085a5      0xa8d build/obj/serial_lld.o
 .debug_info    0x0000000000009032      0xabb build/obj/i2c_lld.o
 .debug_info    0x0000000000009aed      0xa00 build/obj/spi_lld.o
 .debug_info    0x000000000000a4ed      0x115 build/obj/bcm2835.o
 .debug_info    0x000000000000a602       0xb0 build/obj/board.o
 .debug_info    0x000000000000a6b2      0x669 build/obj/main.o

.debug_abbrev   0x0000000000000000     0x2ffc
 .debug_abbrev  0x0000000000000000      0x1ca build/obj/chsys.o
 .debug_abbrev  0x00000000000001ca      0x133 build/obj/chvt.o
 .debug_abbrev  0x00000000000002fd      0x31e build/obj/chschd.o
 .debug_abbrev  0x000000000000061b      0x303 build/obj/chthreads.o
 .debug_abbrev  0x000000000000091e      0x1d8 build/obj/chdynamic.o
 .debug_abbrev  0x0000000000000af6      0x146 build/obj/chregistry.o
 .debug_abbrev  0x0000000000000c3c      0x2e2 build/obj/chmtx.o
 .debug_abbrev  0x0000000000000f1e      0x2bf build/obj/chevents.o
 .debug_abbrev  0x00000000000011dd      0x323 build/obj/chqueues.o
 .debug_abbrev  0x0000000000001500      0x13f build/obj/chmemcore.o
 .debug_abbrev  0x000000000000163f      0x1c9 build/obj/chheap.o
 .debug_abbrev  0x0000000000001808      0x178 build/obj/hal.o
 .debug_abbrev  0x0000000000001980      0x1ed build/obj/i2c.o
 .debug_abbrev  0x0000000000001b6d      0x23d build/obj/serial.o
 .debug_abbrev  0x0000000000001daa      0x1cc build/obj/spi.o
 .debug_abbrev  0x0000000000001f76      0x159 build/obj/tm.o
 .debug_abbrev  0x00000000000020cf      0x226 build/obj/hal_lld.o
 .debug_abbrev  0x00000000000022f5      0x1b3 build/obj/pal_lld.o
 .debug_abbrev  0x00000000000024a8      0x2bc build/obj/serial_lld.o
 .debug_abbrev  0x0000000000002764      0x2c3 build/obj/i2c_lld.o
 .debug_abbrev  0x0000000000002a27      0x2df build/obj/spi_lld.o
 .debug_abbrev  0x0000000000002d06       0xc4 build/obj/bcm2835.o
 .debug_abbrev  0x0000000000002dca       0x72 build/obj/board.o
 .debug_abbrev  0x0000000000002e3c      0x1c0 build/obj/main.o

.debug_loc      0x0000000000000000     0x3259
 .debug_loc     0x0000000000000000       0x31 build/obj/chsys.o
 .debug_loc     0x0000000000000031       0xfd build/obj/chvt.o
 .debug_loc     0x000000000000012e      0x2df build/obj/chschd.o
 .debug_loc     0x000000000000040d      0x342 build/obj/chthreads.o
 .debug_loc     0x000000000000074f      0x10d build/obj/chdynamic.o
 .debug_loc     0x000000000000085c       0x21 build/obj/chregistry.o
 .debug_loc     0x000000000000087d      0x3b1 build/obj/chmtx.o
 .debug_loc     0x0000000000000c2e      0x4e3 build/obj/chevents.o
 .debug_loc     0x0000000000001111      0x4ab build/obj/chqueues.o
 .debug_loc     0x00000000000015bc       0xb0 build/obj/chmemcore.o
 .debug_loc     0x000000000000166c      0x3b9 build/obj/chheap.o
 .debug_loc     0x0000000000001a25       0xb3 build/obj/hal.o
 .debug_loc     0x0000000000001ad8      0x1fd build/obj/i2c.o
 .debug_loc     0x0000000000001cd5      0x4c6 build/obj/serial.o
 .debug_loc     0x000000000000219b      0x428 build/obj/spi.o
 .debug_loc     0x00000000000025c3       0x6d build/obj/tm.o
 .debug_loc     0x0000000000002630       0x60 build/obj/hal_lld.o
 .debug_loc     0x0000000000002690      0x345 build/obj/pal_lld.o
 .debug_loc     0x00000000000029d5      0x1a6 build/obj/serial_lld.o
 .debug_loc     0x0000000000002b7b      0x380 build/obj/i2c_lld.o
 .debug_loc     0x0000000000002efb      0x223 build/obj/spi_lld.o
 .debug_loc     0x000000000000311e      0x11a build/obj/bcm2835.o
 .debug_loc     0x0000000000003238       0x21 build/obj/main.o

.debug_aranges  0x0000000000000000      0x788
 .debug_aranges
                0x0000000000000000       0x30 build/obj/chsys.o
 .debug_aranges
                0x0000000000000030       0x38 build/obj/chvt.o
 .debug_aranges
                0x0000000000000068       0x70 build/obj/chschd.o
 .debug_aranges
                0x00000000000000d8       0x78 build/obj/chthreads.o
 .debug_aranges
                0x0000000000000150       0x30 build/obj/chdynamic.o
 .debug_aranges
                0x0000000000000180       0x28 build/obj/chregistry.o
 .debug_aranges
                0x00000000000001a8       0x58 build/obj/chmtx.o
 .debug_aranges
                0x0000000000000200       0xa0 build/obj/chevents.o
 .debug_aranges
                0x00000000000002a0       0x70 build/obj/chqueues.o
 .debug_aranges
                0x0000000000000310       0x38 build/obj/chmemcore.o
 .debug_aranges
                0x0000000000000348       0x40 build/obj/chheap.o
 .debug_aranges
                0x0000000000000388       0x30 build/obj/hal.o
 .debug_aranges
                0x00000000000003b8       0x60 build/obj/i2c.o
 .debug_aranges
                0x0000000000000418       0x88 build/obj/serial.o
 .debug_aranges
                0x00000000000004a0       0x98 build/obj/spi.o
 .debug_aranges
                0x0000000000000538       0x38 build/obj/tm.o
 .debug_aranges
                0x0000000000000570       0x48 build/obj/hal_lld.o
 .debug_aranges
                0x00000000000005b8       0x40 build/obj/pal_lld.o
 .debug_aranges
                0x00000000000005f8       0x60 build/obj/serial_lld.o
 .debug_aranges
                0x0000000000000658       0x50 build/obj/i2c_lld.o
 .debug_aranges
                0x00000000000006a8       0x70 build/obj/spi_lld.o
 .debug_aranges
                0x0000000000000718       0x28 build/obj/bcm2835.o
 .debug_aranges
                0x0000000000000740       0x20 build/obj/board.o
 .debug_aranges
                0x0000000000000760       0x28 build/obj/main.o

.debug_ranges   0x0000000000000000      0xac0
 .debug_ranges  0x0000000000000000       0x20 build/obj/chsys.o
 .debug_ranges  0x0000000000000020       0x28 build/obj/chvt.o
 .debug_ranges  0x0000000000000048      0x158 build/obj/chschd.o
 .debug_ranges  0x00000000000001a0      0x100 build/obj/chthreads.o
 .debug_ranges  0x00000000000002a0       0x20 build/obj/chdynamic.o
 .debug_ranges  0x00000000000002c0       0x18 build/obj/chregistry.o
 .debug_ranges  0x00000000000002d8      0x158 build/obj/chmtx.o
 .debug_ranges  0x0000000000000430       0x90 build/obj/chevents.o
 .debug_ranges  0x00000000000004c0       0x90 build/obj/chqueues.o
 .debug_ranges  0x0000000000000550       0x28 build/obj/chmemcore.o
 .debug_ranges  0x0000000000000578       0x30 build/obj/chheap.o
 .debug_ranges  0x00000000000005a8       0x40 build/obj/hal.o
 .debug_ranges  0x00000000000005e8       0x50 build/obj/i2c.o
 .debug_ranges  0x0000000000000638       0x78 build/obj/serial.o
 .debug_ranges  0x00000000000006b0       0x88 build/obj/spi.o
 .debug_ranges  0x0000000000000738       0x78 build/obj/tm.o
 .debug_ranges  0x00000000000007b0       0x50 build/obj/hal_lld.o
 .debug_ranges  0x0000000000000800       0x80 build/obj/pal_lld.o
 .debug_ranges  0x0000000000000880       0xd0 build/obj/serial_lld.o
 .debug_ranges  0x0000000000000950       0x90 build/obj/i2c_lld.o
 .debug_ranges  0x00000000000009e0       0xa0 build/obj/spi_lld.o
 .debug_ranges  0x0000000000000a80       0x18 build/obj/bcm2835.o
 .debug_ranges  0x0000000000000a98       0x10 build/obj/board.o
 .debug_ranges  0x0000000000000aa8       0x18 build/obj/main.o

.debug_line     0x0000000000000000     0x3fa3
 .debug_line    0x0000000000000000      0x264 build/obj/chsys.o
 .debug_line    0x0000000000000264      0x1b3 build/obj/chvt.o
 .debug_line    0x0000000000000417      0x39e build/obj/chschd.o
 .debug_line    0x00000000000007b5      0x3e6 build/obj/chthreads.o
 .debug_line    0x0000000000000b9b      0x242 build/obj/chdynamic.o
 .debug_line    0x0000000000000ddd      0x223 build/obj/chregistry.o
 .debug_line    0x0000000000001000      0x37b build/obj/chmtx.o
 .debug_line    0x000000000000137b      0x344 build/obj/chevents.o
 .debug_line    0x00000000000016bf      0x3a7 build/obj/chqueues.o
 .debug_line    0x0000000000001a66      0x1b7 build/obj/chmemcore.o
 .debug_line    0x0000000000001c1d      0x2c5 build/obj/chheap.o
 .debug_line    0x0000000000001ee2      0x230 build/obj/hal.o
 .debug_line    0x0000000000002112      0x2d7 build/obj/i2c.o
 .debug_line    0x00000000000023e9      0x34c build/obj/serial.o
 .debug_line    0x0000000000002735      0x34f build/obj/spi.o
 .debug_line    0x0000000000002a84      0x1ba build/obj/tm.o
 .debug_line    0x0000000000002c3e      0x2fb build/obj/hal_lld.o
 .debug_line    0x0000000000002f39      0x1d8 build/obj/pal_lld.o
 .debug_line    0x0000000000003111      0x36a build/obj/serial_lld.o
 .debug_line    0x000000000000347b      0x370 build/obj/i2c_lld.o
 .debug_line    0x00000000000037eb      0x3b1 build/obj/spi_lld.o
 .debug_line    0x0000000000003b9c      0x134 build/obj/bcm2835.o
 .debug_line    0x0000000000003cd0       0x81 build/obj/board.o
 .debug_line    0x0000000000003d51      0x252 build/obj/main.o

.debug_str      0x0000000000000000     0x167a
 .debug_str     0x0000000000000000      0x4ea build/obj/chsys.o
                                        0x554 (size before relaxing)
 .debug_str     0x00000000000004ea       0x4c build/obj/chvt.o
                                        0x252 (size before relaxing)
 .debug_str     0x0000000000000536      0x112 build/obj/chschd.o
                                        0x4b7 (size before relaxing)
 .debug_str     0x0000000000000648       0xd3 build/obj/chthreads.o
                                        0x4fd (size before relaxing)
 .debug_str     0x000000000000071b       0xab build/obj/chdynamic.o
                                        0x3f8 (size before relaxing)
 .debug_str     0x00000000000007c6       0x42 build/obj/chregistry.o
                                        0x48b (size before relaxing)
 .debug_str     0x0000000000000808       0x8a build/obj/chmtx.o
                                        0x417 (size before relaxing)
 .debug_str     0x0000000000000892      0x1b9 build/obj/chevents.o
                                        0x53b (size before relaxing)
 .debug_str     0x0000000000000a4b      0x126 build/obj/chqueues.o
                                        0x4a2 (size before relaxing)
 .debug_str     0x0000000000000b71       0x70 build/obj/chmemcore.o
                                        0x205 (size before relaxing)
 .debug_str     0x0000000000000be1       0x48 build/obj/chheap.o
                                        0x3f2 (size before relaxing)
 .debug_str     0x0000000000000c29       0xb2 build/obj/hal.o
                                        0x259 (size before relaxing)
 .debug_str     0x0000000000000cdb      0x226 build/obj/i2c.o
                                        0x578 (size before relaxing)
 .debug_str     0x0000000000000f01      0x114 build/obj/serial.o
                                        0x59e (size before relaxing)
 .debug_str     0x0000000000001015      0x24b build/obj/spi.o
                                        0x5e0 (size before relaxing)
 .debug_str     0x0000000000001260       0x67 build/obj/tm.o
                                        0x204 (size before relaxing)
 .debug_str     0x00000000000012c7      0x10a build/obj/hal_lld.o
                                        0x7ad (size before relaxing)
 .debug_str     0x00000000000013d1       0xf8 build/obj/pal_lld.o
                                        0x2a6 (size before relaxing)
 .debug_str     0x00000000000014c9       0x84 build/obj/serial_lld.o
                                        0x582 (size before relaxing)
 .debug_str     0x000000000000154d       0x45 build/obj/i2c_lld.o
                                        0x5f3 (size before relaxing)
 .debug_str     0x0000000000001592       0x54 build/obj/spi_lld.o
                                        0x557 (size before relaxing)
 .debug_str     0x00000000000015e6       0x4b build/obj/bcm2835.o
                                        0x1e5 (size before relaxing)
 .debug_str     0x0000000000001631       0x26 build/obj/board.o
                                        0x1b9 (size before relaxing)
 .debug_str     0x0000000000001657       0x23 build/obj/main.o
                                        0x433 (size before relaxing)

.debug_frame    0x0000000000000000     0x129c
 .debug_frame   0x0000000000000000       0x5c build/obj/chsys.o
 .debug_frame   0x000000000000005c       0x50 build/obj/chvt.o
 .debug_frame   0x00000000000000ac      0x138 build/obj/chschd.o
 .debug_frame   0x00000000000001e4      0x194 build/obj/chthreads.o
 .debug_frame   0x0000000000000378       0x5c build/obj/chdynamic.o
 .debug_frame   0x00000000000003d4       0x3c build/obj/chregistry.o
 .debug_frame   0x0000000000000410       0xe4 build/obj/chmtx.o
 .debug_frame   0x00000000000004f4      0x1d4 build/obj/chevents.o
 .debug_frame   0x00000000000006c8      0x160 build/obj/chqueues.o
 .debug_frame   0x0000000000000828       0x50 build/obj/chmemcore.o
 .debug_frame   0x0000000000000878       0xac build/obj/chheap.o
 .debug_frame   0x0000000000000924       0x50 build/obj/hal.o
 .debug_frame   0x0000000000000974       0xe4 build/obj/i2c.o
 .debug_frame   0x0000000000000a58      0x14c build/obj/serial.o
 .debug_frame   0x0000000000000ba4      0x1a0 build/obj/spi.o
 .debug_frame   0x0000000000000d44       0x60 build/obj/tm.o
 .debug_frame   0x0000000000000da4       0x78 build/obj/hal_lld.o
 .debug_frame   0x0000000000000e1c       0xcc build/obj/pal_lld.o
 .debug_frame   0x0000000000000ee8       0xe8 build/obj/serial_lld.o
 .debug_frame   0x0000000000000fd0      0x10c build/obj/i2c_lld.o
 .debug_frame   0x00000000000010dc      0x114 build/obj/spi_lld.o
 .debug_frame   0x00000000000011f0       0x40 build/obj/bcm2835.o
 .debug_frame   0x0000000000001230       0x20 build/obj/board.o
 .debug_frame   0x0000000000001250       0x4c build/obj/main.o

Cross Reference Table

Symbol                                            File
AbortHandler                                      build/obj/vectors.o
FiqHandler                                        build/obj/vectors.o
I2C0                                              build/obj/i2c_lld.o
                                                  build/obj/hal_lld.o
I2C1                                              build/obj/i2c_lld.o
IOPORT0                                           build/obj/pal_lld.o
                                                  build/obj/main.o
IOPORT1                                           build/obj/pal_lld.o
IrqHandler                                        build/obj/hal_lld.o
                                                  build/obj/vectors.o
PrefetchHandler                                   build/obj/vectors.o
ResetHandler                                      build/obj/crt0.o
                                                  build/obj/vectors.o
SD1                                               build/obj/serial_lld.o
                                                  build/obj/hal_lld.o
SPI0                                              build/obj/spi_lld.o
                                                  build/obj/hal_lld.o
SwiHandler                                        build/obj/vectors.o
TestThread                                        build/obj/test.o
UndHandler                                        build/obj/vectors.o
__abt_stack_size__                                build/obj/crt0.o
__adddf3                                          /usr/local/Cellar/gcc-arm-none-eabi-49/20150925/bin/../lib/gcc/arm-none-eabi/4.9.3/libgcc.a(_arm_addsubdf3.o)
__aeabi_cfcmpeq                                   /usr/local/Cellar/gcc-arm-none-eabi-49/20150925/bin/../lib/gcc/arm-none-eabi/4.9.3/libgcc.a(_arm_cmpsf2.o)
__aeabi_cfcmple                                   /usr/local/Cellar/gcc-arm-none-eabi-49/20150925/bin/../lib/gcc/arm-none-eabi/4.9.3/libgcc.a(_arm_cmpsf2.o)
__aeabi_cfrcmple                                  /usr/local/Cellar/gcc-arm-none-eabi-49/20150925/bin/../lib/gcc/arm-none-eabi/4.9.3/libgcc.a(_arm_cmpsf2.o)
__aeabi_d2f                                       /usr/local/Cellar/gcc-arm-none-eabi-49/20150925/bin/../lib/gcc/arm-none-eabi/4.9.3/libgcc.a(_arm_truncdfsf2.o)
                                                  build/obj/chprintf.o
__aeabi_d2iz                                      /usr/local/Cellar/gcc-arm-none-eabi-49/20150925/bin/../lib/gcc/arm-none-eabi/4.9.3/libgcc.a(_arm_fixdfsi.o)
                                                  build/obj/chprintf.o
__aeabi_dadd                                      /usr/local/Cellar/gcc-arm-none-eabi-49/20150925/bin/../lib/gcc/arm-none-eabi/4.9.3/libgcc.a(_arm_addsubdf3.o)
__aeabi_ddiv                                      /usr/local/Cellar/gcc-arm-none-eabi-49/20150925/bin/../lib/gcc/arm-none-eabi/4.9.3/libgcc.a(_arm_muldivdf3.o)
__aeabi_dmul                                      /usr/local/Cellar/gcc-arm-none-eabi-49/20150925/bin/../lib/gcc/arm-none-eabi/4.9.3/libgcc.a(_arm_muldivdf3.o)
                                                  build/obj/chprintf.o
__aeabi_drsub                                     /usr/local/Cellar/gcc-arm-none-eabi-49/20150925/bin/../lib/gcc/arm-none-eabi/4.9.3/libgcc.a(_arm_addsubdf3.o)
__aeabi_dsub                                      /usr/local/Cellar/gcc-arm-none-eabi-49/20150925/bin/../lib/gcc/arm-none-eabi/4.9.3/libgcc.a(_arm_addsubdf3.o)
                                                  build/obj/chprintf.o
__aeabi_f2d                                       /usr/local/Cellar/gcc-arm-none-eabi-49/20150925/bin/../lib/gcc/arm-none-eabi/4.9.3/libgcc.a(_arm_addsubdf3.o)
                                                  build/obj/chprintf.o
__aeabi_f2iz                                      /usr/local/Cellar/gcc-arm-none-eabi-49/20150925/bin/../lib/gcc/arm-none-eabi/4.9.3/libgcc.a(_arm_fixsfsi.o)
                                                  build/obj/chprintf.o
__aeabi_fcmpeq                                    /usr/local/Cellar/gcc-arm-none-eabi-49/20150925/bin/../lib/gcc/arm-none-eabi/4.9.3/libgcc.a(_arm_cmpsf2.o)
__aeabi_fcmpge                                    /usr/local/Cellar/gcc-arm-none-eabi-49/20150925/bin/../lib/gcc/arm-none-eabi/4.9.3/libgcc.a(_arm_cmpsf2.o)
__aeabi_fcmpgt                                    /usr/local/Cellar/gcc-arm-none-eabi-49/20150925/bin/../lib/gcc/arm-none-eabi/4.9.3/libgcc.a(_arm_cmpsf2.o)
__aeabi_fcmple                                    /usr/local/Cellar/gcc-arm-none-eabi-49/20150925/bin/../lib/gcc/arm-none-eabi/4.9.3/libgcc.a(_arm_cmpsf2.o)
__aeabi_fcmplt                                    /usr/local/Cellar/gcc-arm-none-eabi-49/20150925/bin/../lib/gcc/arm-none-eabi/4.9.3/libgcc.a(_arm_cmpsf2.o)
                                                  build/obj/chprintf.o
__aeabi_i2d                                       /usr/local/Cellar/gcc-arm-none-eabi-49/20150925/bin/../lib/gcc/arm-none-eabi/4.9.3/libgcc.a(_arm_addsubdf3.o)
                                                  build/obj/chprintf.o
__aeabi_idiv0                                     /usr/local/Cellar/gcc-arm-none-eabi-49/20150925/bin/../lib/gcc/arm-none-eabi/4.9.3/libgcc.a(_dvmd_tls.o)
                                                  /usr/local/Cellar/gcc-arm-none-eabi-49/20150925/bin/../lib/gcc/arm-none-eabi/4.9.3/libgcc.a(_udivsi3.o)
__aeabi_l2d                                       /usr/local/Cellar/gcc-arm-none-eabi-49/20150925/bin/../lib/gcc/arm-none-eabi/4.9.3/libgcc.a(_arm_addsubdf3.o)
__aeabi_ldiv0                                     /usr/local/Cellar/gcc-arm-none-eabi-49/20150925/bin/../lib/gcc/arm-none-eabi/4.9.3/libgcc.a(_dvmd_tls.o)
__aeabi_ui2d                                      /usr/local/Cellar/gcc-arm-none-eabi-49/20150925/bin/../lib/gcc/arm-none-eabi/4.9.3/libgcc.a(_arm_addsubdf3.o)
__aeabi_uidiv                                     /usr/local/Cellar/gcc-arm-none-eabi-49/20150925/bin/../lib/gcc/arm-none-eabi/4.9.3/libgcc.a(_udivsi3.o)
                                                  build/obj/chprintf.o
                                                  build/obj/i2c_lld.o
                                                  build/obj/serial_lld.o
__aeabi_uidivmod                                  /usr/local/Cellar/gcc-arm-none-eabi-49/20150925/bin/../lib/gcc/arm-none-eabi/4.9.3/libgcc.a(_udivsi3.o)
                                                  build/obj/chprintf.o
__aeabi_ul2d                                      /usr/local/Cellar/gcc-arm-none-eabi-49/20150925/bin/../lib/gcc/arm-none-eabi/4.9.3/libgcc.a(_arm_addsubdf3.o)
__cmpsf2                                          /usr/local/Cellar/gcc-arm-none-eabi-49/20150925/bin/../lib/gcc/arm-none-eabi/4.9.3/libgcc.a(_arm_cmpsf2.o)
__ctype_ptr__                                     /usr/local/Cellar/gcc-arm-none-eabi-49/20150925/bin/../lib/gcc/arm-none-eabi/4.9.3/../../../../arm-none-eabi/lib/libc.a(lib_a-ctype_.o)
                                                  /usr/local/Cellar/gcc-arm-none-eabi-49/20150925/bin/../lib/gcc/arm-none-eabi/4.9.3/../../../../arm-none-eabi/lib/libc.a(lib_a-strcasecmp.o)
__divdf3                                          /usr/local/Cellar/gcc-arm-none-eabi-49/20150925/bin/../lib/gcc/arm-none-eabi/4.9.3/libgcc.a(_arm_muldivdf3.o)
__early_init                                      build/obj/vectors.o
                                                  build/obj/crt0.o
__eqsf2                                           /usr/local/Cellar/gcc-arm-none-eabi-49/20150925/bin/../lib/gcc/arm-none-eabi/4.9.3/libgcc.a(_arm_cmpsf2.o)
__extendsfdf2                                     /usr/local/Cellar/gcc-arm-none-eabi-49/20150925/bin/../lib/gcc/arm-none-eabi/4.9.3/libgcc.a(_arm_addsubdf3.o)
__fiq_stack_size__                                build/obj/crt0.o
__fixdfsi                                         /usr/local/Cellar/gcc-arm-none-eabi-49/20150925/bin/../lib/gcc/arm-none-eabi/4.9.3/libgcc.a(_arm_fixdfsi.o)
__fixsfsi                                         /usr/local/Cellar/gcc-arm-none-eabi-49/20150925/bin/../lib/gcc/arm-none-eabi/4.9.3/libgcc.a(_arm_fixsfsi.o)
__floatdidf                                       /usr/local/Cellar/gcc-arm-none-eabi-49/20150925/bin/../lib/gcc/arm-none-eabi/4.9.3/libgcc.a(_arm_addsubdf3.o)
__floatsidf                                       /usr/local/Cellar/gcc-arm-none-eabi-49/20150925/bin/../lib/gcc/arm-none-eabi/4.9.3/libgcc.a(_arm_addsubdf3.o)
__floatundidf                                     /usr/local/Cellar/gcc-arm-none-eabi-49/20150925/bin/../lib/gcc/arm-none-eabi/4.9.3/libgcc.a(_arm_addsubdf3.o)
__floatunsidf                                     /usr/local/Cellar/gcc-arm-none-eabi-49/20150925/bin/../lib/gcc/arm-none-eabi/4.9.3/libgcc.a(_arm_addsubdf3.o)
__gesf2                                           /usr/local/Cellar/gcc-arm-none-eabi-49/20150925/bin/../lib/gcc/arm-none-eabi/4.9.3/libgcc.a(_arm_cmpsf2.o)
__gtsf2                                           /usr/local/Cellar/gcc-arm-none-eabi-49/20150925/bin/../lib/gcc/arm-none-eabi/4.9.3/libgcc.a(_arm_cmpsf2.o)
__heap_base__                                     build/obj/chmemcore.o
__heap_end__                                      build/obj/chmemcore.o
__irq_stack_size__                                build/obj/crt0.o
__lesf2                                           /usr/local/Cellar/gcc-arm-none-eabi-49/20150925/bin/../lib/gcc/arm-none-eabi/4.9.3/libgcc.a(_arm_cmpsf2.o)
__ltsf2                                           /usr/local/Cellar/gcc-arm-none-eabi-49/20150925/bin/../lib/gcc/arm-none-eabi/4.9.3/libgcc.a(_arm_cmpsf2.o)
__muldf3                                          /usr/local/Cellar/gcc-arm-none-eabi-49/20150925/bin/../lib/gcc/arm-none-eabi/4.9.3/libgcc.a(_arm_muldivdf3.o)
__nesf2                                           /usr/local/Cellar/gcc-arm-none-eabi-49/20150925/bin/../lib/gcc/arm-none-eabi/4.9.3/libgcc.a(_arm_cmpsf2.o)
__ram_end__                                       build/obj/crt0.o
__subdf3                                          /usr/local/Cellar/gcc-arm-none-eabi-49/20150925/bin/../lib/gcc/arm-none-eabi/4.9.3/libgcc.a(_arm_addsubdf3.o)
__svc_stack_size__                                build/obj/crt0.o
__truncdfsf2                                      /usr/local/Cellar/gcc-arm-none-eabi-49/20150925/bin/../lib/gcc/arm-none-eabi/4.9.3/libgcc.a(_arm_truncdfsf2.o)
__udivsi3                                         /usr/local/Cellar/gcc-arm-none-eabi-49/20150925/bin/../lib/gcc/arm-none-eabi/4.9.3/libgcc.a(_udivsi3.o)
__und_stack_size__                                build/obj/crt0.o
_bss_end                                          build/obj/crt0.o
_bss_start                                        build/obj/crt0.o
_core_init                                        build/obj/chmemcore.o
                                                  build/obj/chsys.o
_ctype_                                           /usr/local/Cellar/gcc-arm-none-eabi-49/20150925/bin/../lib/gcc/arm-none-eabi/4.9.3/../../../../arm-none-eabi/lib/libc.a(lib_a-ctype_.o)
_heap_init                                        build/obj/chheap.o
                                                  build/obj/chsys.o
_idle_thread                                      build/obj/chsys.o
_idle_thread_wa                                   build/obj/chsys.o
_main_exit_handler                                build/obj/crt0.o
_pal_lld_init                                     build/obj/pal_lld.o
                                                  build/obj/hal.o
_pal_lld_setgroupmode                             build/obj/pal_lld.o
                                                  build/obj/main.o
                                                  build/obj/pal.o
_pal_lld_writeport                                build/obj/pal_lld.o
                                                  build/obj/main.o
                                                  build/obj/pal.o
_port_irq_common                                  build/obj/chcoreasm.o
                                                  build/obj/hal_lld.o
_port_switch_arm                                  build/obj/chcoreasm.o
                                                  build/obj/chschd.o
_port_thread_start                                build/obj/chcoreasm.o
                                                  build/obj/chthreads.o
_scheduler_init                                   build/obj/chschd.o
                                                  build/obj/chsys.o
_test_assert                                      build/obj/test.o
                                                  build/obj/testqueues.o
                                                  build/obj/testdyn.o
                                                  build/obj/testheap.o
                                                  build/obj/testevt.o
                                                  build/obj/testmbox.o
                                                  build/obj/testmtx.o
                                                  build/obj/testsem.o
                                                  build/obj/testthd.o
_test_assert_sequence                             build/obj/test.o
                                                  build/obj/testqueues.o
                                                  build/obj/testdyn.o
                                                  build/obj/testevt.o
                                                  build/obj/testmbox.o
                                                  build/obj/testmsg.o
                                                  build/obj/testmtx.o
                                                  build/obj/testsem.o
                                                  build/obj/testthd.o
_test_assert_time_window                          build/obj/test.o
                                                  build/obj/testevt.o
                                                  build/obj/testmtx.o
                                                  build/obj/testsem.o
                                                  build/obj/testthd.o
_test_fail                                        build/obj/test.o
_thread_init                                      build/obj/chthreads.o
                                                  build/obj/chsys.o
_unhandled_exception                              build/obj/vectors.o
_vt_init                                          build/obj/chvt.o
                                                  build/obj/chsys.o
arm_enable_irq                                    build/obj/vectors.o
bcm2835_delay                                     build/obj/bcm2835.o
                                                  build/obj/serial_lld.o
                                                  build/obj/pal_lld.o
bcm2835_gpio_fnsel                                build/obj/bcm2835.o
                                                  build/obj/spi_lld.o
                                                  build/obj/i2c_lld.o
                                                  build/obj/serial_lld.o
                                                  build/obj/pal_lld.o
boardInit                                         build/obj/board.o
                                                  build/obj/hal.o
chCondBroadcast                                   build/obj/chcond.o
                                                  build/obj/testmtx.o
chCondBroadcastI                                  build/obj/chcond.o
chCondInit                                        build/obj/chcond.o
                                                  build/obj/testmtx.o
chCondSignal                                      build/obj/chcond.o
                                                  build/obj/testmtx.o
chCondSignalI                                     build/obj/chcond.o
                                                  build/obj/testmtx.o
chCondWait                                        build/obj/chcond.o
                                                  build/obj/testmtx.o
chCondWaitS                                       build/obj/chcond.o
chCondWaitTimeout                                 build/obj/chcond.o
                                                  build/obj/testmtx.o
chCondWaitTimeoutS                                build/obj/chcond.o
chCoreAlloc                                       build/obj/chmemcore.o
                                                  build/obj/chheap.o
chCoreAllocI                                      build/obj/chmemcore.o
chCoreStatus                                      build/obj/chmemcore.o
                                                  build/obj/testheap.o
chEvtAddEvents                                    build/obj/chevents.o
                                                  build/obj/testevt.o
chEvtBroadcastFlags                               build/obj/chevents.o
                                                  build/obj/testevt.o
chEvtBroadcastFlagsI                              build/obj/chevents.o
                                                  build/obj/shell.o
                                                  build/obj/serial.o
chEvtDispatch                                     build/obj/chevents.o
                                                  build/obj/testevt.o
chEvtGetAndClearEvents                            build/obj/chevents.o
                                                  build/obj/testevt.o
chEvtGetAndClearFlags                             build/obj/chevents.o
chEvtGetAndClearFlagsI                            build/obj/chevents.o
chEvtRegisterMask                                 build/obj/chevents.o
                                                  build/obj/testevt.o
chEvtSignal                                       build/obj/chevents.o
                                                  build/obj/testevt.o
chEvtSignalI                                      build/obj/chevents.o
chEvtUnregister                                   build/obj/chevents.o
                                                  build/obj/testevt.o
chEvtWaitAll                                      build/obj/chevents.o
                                                  build/obj/testevt.o
chEvtWaitAllTimeout                               build/obj/chevents.o
                                                  build/obj/testevt.o
chEvtWaitAny                                      build/obj/chevents.o
                                                  build/obj/testevt.o
chEvtWaitAnyTimeout                               build/obj/chevents.o
                                                  build/obj/testevt.o
chEvtWaitOne                                      build/obj/chevents.o
                                                  build/obj/testevt.o
chEvtWaitOneTimeout                               build/obj/chevents.o
                                                  build/obj/testevt.o
chHeapAlloc                                       build/obj/chheap.o
                                                  build/obj/testdyn.o
                                                  build/obj/testheap.o
                                                  build/obj/chdynamic.o
chHeapFree                                        build/obj/chheap.o
                                                  build/obj/testdyn.o
                                                  build/obj/testheap.o
                                                  build/obj/chdynamic.o
chHeapInit                                        build/obj/chheap.o
                                                  build/obj/testdyn.o
                                                  build/obj/testheap.o
chHeapStatus                                      build/obj/chheap.o
                                                  build/obj/testdyn.o
                                                  build/obj/testheap.o
chIQGetTimeout                                    build/obj/chqueues.o
                                                  build/obj/serial.o
                                                  build/obj/testbmk.o
                                                  build/obj/testqueues.o
chIQInit                                          build/obj/chqueues.o
                                                  build/obj/serial.o
                                                  build/obj/testbmk.o
                                                  build/obj/testqueues.o
chIQPutI                                          build/obj/chqueues.o
                                                  build/obj/serial.o
                                                  build/obj/testbmk.o
                                                  build/obj/testqueues.o
chIQReadTimeout                                   build/obj/chqueues.o
                                                  build/obj/serial.o
                                                  build/obj/testqueues.o
chIQResetI                                        build/obj/chqueues.o
                                                  build/obj/serial.o
                                                  build/obj/testqueues.o
chMBFetch                                         build/obj/chmboxes.o
                                                  build/obj/testmbox.o
chMBFetchI                                        build/obj/chmboxes.o
                                                  build/obj/testmbox.o
chMBFetchS                                        build/obj/chmboxes.o
chMBInit                                          build/obj/chmboxes.o
                                                  build/obj/testmbox.o
chMBPost                                          build/obj/chmboxes.o
                                                  build/obj/testmbox.o
chMBPostAhead                                     build/obj/chmboxes.o
                                                  build/obj/testmbox.o
chMBPostAheadI                                    build/obj/chmboxes.o
                                                  build/obj/testmbox.o
chMBPostAheadS                                    build/obj/chmboxes.o
chMBPostI                                         build/obj/chmboxes.o
                                                  build/obj/testmbox.o
chMBPostS                                         build/obj/chmboxes.o
chMBReset                                         build/obj/chmboxes.o
                                                  build/obj/testmbox.o
chMsgRelease                                      build/obj/chmsg.o
                                                  build/obj/testbmk.o
                                                  build/obj/testmsg.o
chMsgSend                                         build/obj/chmsg.o
                                                  build/obj/testbmk.o
                                                  build/obj/testmsg.o
chMsgWait                                         build/obj/chmsg.o
                                                  build/obj/testbmk.o
                                                  build/obj/testmsg.o
chMtxInit                                         build/obj/chmtx.o
                                                  build/obj/spi.o
                                                  build/obj/i2c.o
                                                  build/obj/testbmk.o
                                                  build/obj/testmtx.o
                                                  build/obj/chheap.o
chMtxLock                                         build/obj/chmtx.o
                                                  build/obj/spi.o
                                                  build/obj/i2c.o
                                                  build/obj/testbmk.o
                                                  build/obj/testmtx.o
                                                  build/obj/chheap.o
chMtxLockS                                        build/obj/chmtx.o
                                                  build/obj/chcond.o
chMtxTryLock                                      build/obj/chmtx.o
                                                  build/obj/testmtx.o
chMtxTryLockS                                     build/obj/chmtx.o
chMtxUnlock                                       build/obj/chmtx.o
                                                  build/obj/spi.o
                                                  build/obj/i2c.o
                                                  build/obj/testbmk.o
                                                  build/obj/testmtx.o
                                                  build/obj/chheap.o
chMtxUnlockAll                                    build/obj/chmtx.o
                                                  build/obj/testmtx.o
chMtxUnlockS                                      build/obj/chmtx.o
                                                  build/obj/testmtx.o
                                                  build/obj/chcond.o
chOQGetI                                          build/obj/chqueues.o
                                                  build/obj/serial.o
                                                  build/obj/testqueues.o
chOQInit                                          build/obj/chqueues.o
                                                  build/obj/serial.o
                                                  build/obj/testqueues.o
chOQPutTimeout                                    build/obj/chqueues.o
                                                  build/obj/serial.o
                                                  build/obj/testqueues.o
chOQResetI                                        build/obj/chqueues.o
                                                  build/obj/serial.o
                                                  build/obj/testqueues.o
chOQWriteTimeout                                  build/obj/chqueues.o
                                                  build/obj/serial.o
                                                  build/obj/testqueues.o
chRegFirstThread                                  build/obj/chregistry.o
                                                  build/obj/testdyn.o
chRegNextThread                                   build/obj/chregistry.o
                                                  build/obj/testdyn.o
chSchDoReschedule                                 build/obj/chschd.o
                                                  build/obj/chcoreasm.o
chSchDoRescheduleAhead                            build/obj/chschd.o
chSchDoRescheduleBehind                           build/obj/chschd.o
                                                  build/obj/chthreads.o
chSchGoSleepS                                     build/obj/chschd.o
                                                  build/obj/i2c_lld.o
                                                  build/obj/spi.o
                                                  build/obj/testbmk.o
                                                  build/obj/chmsg.o
                                                  build/obj/chevents.o
                                                  build/obj/chcond.o
                                                  build/obj/chmtx.o
                                                  build/obj/chsem.o
                                                  build/obj/chthreads.o
chSchGoSleepTimeoutS                              build/obj/chschd.o
                                                  build/obj/chqueues.o
                                                  build/obj/chevents.o
                                                  build/obj/chcond.o
                                                  build/obj/chsem.o
                                                  build/obj/chthreads.o
chSchIsPreemptionRequired                         build/obj/chschd.o
                                                  build/obj/chcoreasm.o
chSchReadyI                                       build/obj/chschd.o
                                                  build/obj/spi_lld.o
                                                  build/obj/i2c_lld.o
                                                  build/obj/chqueues.o
                                                  build/obj/chmsg.o
                                                  build/obj/chevents.o
                                                  build/obj/chcond.o
                                                  build/obj/chmtx.o
                                                  build/obj/chsem.o
                                                  build/obj/chthreads.o
chSchRescheduleS                                  build/obj/chschd.o
                                                  build/obj/serial.o
                                                  build/obj/testmtx.o
                                                  build/obj/testsem.o
                                                  build/obj/chmboxes.o
                                                  build/obj/chevents.o
                                                  build/obj/chcond.o
                                                  build/obj/chmtx.o
                                                  build/obj/chsem.o
                                                  build/obj/chthreads.o
chSchWakeupS                                      build/obj/chschd.o
                                                  build/obj/testbmk.o
                                                  build/obj/chmsg.o
                                                  build/obj/chcond.o
                                                  build/obj/chmtx.o
                                                  build/obj/chsem.o
                                                  build/obj/chdynamic.o
                                                  build/obj/chthreads.o
chSemAddCounterI                                  build/obj/chsem.o
                                                  build/obj/testsem.o
chSemInit                                         build/obj/chsem.o
                                                  build/obj/testbmk.o
                                                  build/obj/testsem.o
                                                  build/obj/chmboxes.o
chSemReset                                        build/obj/chsem.o
                                                  build/obj/testbmk.o
                                                  build/obj/testsem.o
chSemResetI                                       build/obj/chsem.o
                                                  build/obj/chmboxes.o
chSemSignal                                       build/obj/chsem.o
                                                  build/obj/testbmk.o
                                                  build/obj/testsem.o
chSemSignalI                                      build/obj/chsem.o
                                                  build/obj/testsem.o
                                                  build/obj/chmboxes.o
chSemSignalWait                                   build/obj/chsem.o
                                                  build/obj/testsem.o
chSemWait                                         build/obj/chsem.o
                                                  build/obj/testbmk.o
                                                  build/obj/testsem.o
chSemWaitS                                        build/obj/chsem.o
chSemWaitTimeout                                  build/obj/chsem.o
                                                  build/obj/testsem.o
chSemWaitTimeoutS                                 build/obj/chsem.o
                                                  build/obj/chmboxes.o
chSysInit                                         build/obj/chsys.o
                                                  build/obj/main.o
chSysTimerHandlerI                                build/obj/chsys.o
                                                  build/obj/hal_lld.o
chThdAddRef                                       build/obj/chdynamic.o
                                                  build/obj/testdyn.o
chThdCreateFromHeap                               build/obj/chdynamic.o
                                                  build/obj/shell.o
                                                  build/obj/testdyn.o
chThdCreateI                                      build/obj/chthreads.o
                                                  build/obj/testthd.o
                                                  build/obj/chdynamic.o
chThdCreateStatic                                 build/obj/chthreads.o
                                                  build/obj/main.o
                                                  build/obj/shell.o
                                                  build/obj/testbmk.o
                                                  build/obj/testqueues.o
                                                  build/obj/testevt.o
                                                  build/obj/testmsg.o
                                                  build/obj/testmtx.o
                                                  build/obj/testsem.o
                                                  build/obj/testthd.o
                                                  build/obj/chsys.o
chThdExit                                         build/obj/chthreads.o
                                                  build/obj/chcoreasm.o
chThdExitS                                        build/obj/chthreads.o
                                                  build/obj/shell.o
chThdRelease                                      build/obj/chdynamic.o
                                                  build/obj/testdyn.o
                                                  build/obj/chregistry.o
                                                  build/obj/chthreads.o
chThdResume                                       build/obj/chthreads.o
                                                  build/obj/testthd.o
chThdSetPriority                                  build/obj/chthreads.o
                                                  build/obj/testthd.o
chThdSleep                                        build/obj/chthreads.o
                                                  build/obj/main.o
                                                  build/obj/testbmk.o
                                                  build/obj/testdyn.o
                                                  build/obj/testevt.o
                                                  build/obj/testmtx.o
                                                  build/obj/testsem.o
                                                  build/obj/testthd.o
                                                  build/obj/test.o
chThdSleepUntil                                   build/obj/chthreads.o
                                                  build/obj/testthd.o
chThdTerminate                                    build/obj/chthreads.o
                                                  build/obj/test.o
chThdWait                                         build/obj/chthreads.o
                                                  build/obj/main.o
                                                  build/obj/testbmk.o
                                                  build/obj/test.o
chThdYield                                        build/obj/chthreads.o
                                                  build/obj/testbmk.o
chTimeIsWithin                                    build/obj/chvt.o
                                                  build/obj/test.o
chVTResetI                                        build/obj/chvt.o
                                                  build/obj/i2c_lld.o
                                                  build/obj/testbmk.o
                                                  build/obj/chschd.o
chVTSetI                                          build/obj/chvt.o
                                                  build/obj/i2c_lld.o
                                                  build/obj/testbmk.o
                                                  build/obj/test.o
                                                  build/obj/chschd.o
ch_debug                                          build/obj/chregistry.o
                                                  build/obj/chsys.o
chprintf                                          build/obj/chprintf.o
                                                  build/obj/shell.o
delayMicroseconds                                 build/obj/hal_lld.o
get_cpsr                                          build/obj/vectors.o
halInit                                           build/obj/hal.o
                                                  build/obj/main.o
halIsCounterWithin                                build/obj/hal.o
halPolledDelay                                    build/obj/hal.o
hal_lld_init                                      build/obj/hal_lld.o
                                                  build/obj/hal.o
i2cAcquireBus                                     build/obj/i2c.o
i2cGetErrors                                      build/obj/i2c.o
i2cInit                                           build/obj/i2c.o
                                                  build/obj/hal.o
i2cMasterReceiveTimeout                           build/obj/i2c.o
i2cMasterTransmitTimeout                          build/obj/i2c.o
i2cObjectInit                                     build/obj/i2c.o
                                                  build/obj/i2c_lld.o
i2cReleaseBus                                     build/obj/i2c.o
i2cStart                                          build/obj/i2c.o
i2cStop                                           build/obj/i2c.o
i2c_lld_init                                      build/obj/i2c_lld.o
                                                  build/obj/i2c.o
i2c_lld_master_receive_timeout                    build/obj/i2c_lld.o
                                                  build/obj/i2c.o
i2c_lld_master_transmit_timeout                   build/obj/i2c_lld.o
                                                  build/obj/i2c.o
i2c_lld_serve_interrupt                           build/obj/i2c_lld.o
                                                  build/obj/hal_lld.o
i2c_lld_start                                     build/obj/i2c_lld.o
                                                  build/obj/i2c.o
i2c_lld_stop                                      build/obj/i2c_lld.o
                                                  build/obj/i2c.o
main                                              build/obj/main.o
                                                  build/obj/crt0.o
mini_uart_recv                                    build/obj/serial_lld.o
mini_uart_send                                    build/obj/serial_lld.o
mini_uart_sendhex                                 build/obj/serial_lld.o
mini_uart_sendstr                                 build/obj/serial_lld.o
palReadBus                                        build/obj/pal.o
palSetBusMode                                     build/obj/pal.o
palWriteBus                                       build/obj/pal.o
pal_default_config                                build/obj/board.o
                                                  build/obj/hal.o
patternbmk                                        build/obj/testbmk.o
                                                  build/obj/test.o
patterndyn                                        build/obj/testdyn.o
                                                  build/obj/test.o
patternevt                                        build/obj/testevt.o
                                                  build/obj/test.o
patternheap                                       build/obj/testheap.o
                                                  build/obj/test.o
patternmbox                                       build/obj/testmbox.o
                                                  build/obj/test.o
patternmsg                                        build/obj/testmsg.o
                                                  build/obj/test.o
patternmtx                                        build/obj/testmtx.o
                                                  build/obj/test.o
patternpools                                      build/obj/testpools.o
                                                  build/obj/test.o
patternqueues                                     build/obj/testqueues.o
                                                  build/obj/test.o
patternsem                                        build/obj/testsem.o
                                                  build/obj/test.o
patternthd                                        build/obj/testthd.o
                                                  build/obj/test.o
port_halt                                         build/obj/chcore.o
rlist                                             build/obj/chschd.o
                                                  build/obj/main.o
                                                  build/obj/shell.o
                                                  build/obj/i2c_lld.o
                                                  build/obj/spi.o
                                                  build/obj/testbmk.o
                                                  build/obj/testqueues.o
                                                  build/obj/testdyn.o
                                                  build/obj/testevt.o
                                                  build/obj/testmsg.o
                                                  build/obj/testmtx.o
                                                  build/obj/testsem.o
                                                  build/obj/testthd.o
                                                  build/obj/test.o
                                                  build/obj/chqueues.o
                                                  build/obj/chmsg.o
                                                  build/obj/chevents.o
                                                  build/obj/chcond.o
                                                  build/obj/chmtx.o
                                                  build/obj/chsem.o
                                                  build/obj/chregistry.o
                                                  build/obj/chthreads.o
                                                  build/obj/chsys.o
sdIncomingDataI                                   build/obj/serial.o
                                                  build/obj/serial_lld.o
sdInit                                            build/obj/serial.o
                                                  build/obj/hal.o
sdObjectInit                                      build/obj/serial.o
                                                  build/obj/serial_lld.o
sdRequestDataI                                    build/obj/serial.o
                                                  build/obj/serial_lld.o
sdStart                                           build/obj/serial.o
sdStop                                            build/obj/serial.o
sd_lld_init                                       build/obj/serial_lld.o
                                                  build/obj/serial.o
sd_lld_serve_interrupt                            build/obj/serial_lld.o
                                                  build/obj/hal_lld.o
sd_lld_start                                      build/obj/serial_lld.o
                                                  build/obj/serial.o
sd_lld_stop                                       build/obj/serial_lld.o
                                                  build/obj/serial.o
shellCreate                                       build/obj/shell.o
shellCreateStatic                                 build/obj/shell.o
shellGetLine                                      build/obj/shell.o
shellInit                                         build/obj/shell.o
shell_terminated                                  build/obj/shell.o
spiAcquireBus                                     build/obj/spi.o
spiExchange                                       build/obj/spi.o
spiIgnore                                         build/obj/spi.o
spiInit                                           build/obj/spi.o
                                                  build/obj/hal.o
spiObjectInit                                     build/obj/spi.o
                                                  build/obj/spi_lld.o
spiReceive                                        build/obj/spi.o
spiReleaseBus                                     build/obj/spi.o
spiSelect                                         build/obj/spi.o
spiSend                                           build/obj/spi.o
spiStart                                          build/obj/spi.o
spiStartExchange                                  build/obj/spi.o
spiStartIgnore                                    build/obj/spi.o
spiStartReceive                                   build/obj/spi.o
spiStartSend                                      build/obj/spi.o
spiStop                                           build/obj/spi.o
spiUnselect                                       build/obj/spi.o
spi_lld_exchange                                  build/obj/spi_lld.o
                                                  build/obj/spi.o
spi_lld_ignore                                    build/obj/spi_lld.o
                                                  build/obj/spi.o
spi_lld_init                                      build/obj/spi_lld.o
                                                  build/obj/spi.o
spi_lld_polled_exchange                           build/obj/spi_lld.o
spi_lld_receive                                   build/obj/spi_lld.o
                                                  build/obj/spi.o
spi_lld_select                                    build/obj/spi_lld.o
                                                  build/obj/spi.o
spi_lld_send                                      build/obj/spi_lld.o
                                                  build/obj/spi.o
spi_lld_serve_interrupt                           build/obj/spi_lld.o
                                                  build/obj/hal_lld.o
spi_lld_start                                     build/obj/spi_lld.o
                                                  build/obj/spi.o
spi_lld_stop                                      build/obj/spi_lld.o
                                                  build/obj/spi.o
spi_lld_unselect                                  build/obj/spi_lld.o
                                                  build/obj/spi.o
strcasecmp                                        /usr/local/Cellar/gcc-arm-none-eabi-49/20150925/bin/../lib/gcc/arm-none-eabi/4.9.3/../../../../arm-none-eabi/lib/libc.a(lib_a-strcasecmp.o)
                                                  build/obj/shell.o
strchr                                            /usr/local/Cellar/gcc-arm-none-eabi-49/20150925/bin/../lib/gcc/arm-none-eabi/4.9.3/../../../../arm-none-eabi/lib/libc.a(lib_a-strchr.o)
                                                  build/obj/shell.o
strspn                                            /usr/local/Cellar/gcc-arm-none-eabi-49/20150925/bin/../lib/gcc/arm-none-eabi/4.9.3/../../../../arm-none-eabi/lib/libc.a(lib_a-strspn.o)
                                                  build/obj/shell.o
test                                              build/obj/test.o
                                                  build/obj/testqueues.o
                                                  build/obj/testdyn.o
                                                  build/obj/testheap.o
                                                  build/obj/testmbox.o
test_cpu_pulse                                    build/obj/test.o
                                                  build/obj/testmtx.o
test_emit_token                                   build/obj/test.o
                                                  build/obj/testqueues.o
                                                  build/obj/testdyn.o
                                                  build/obj/testevt.o
                                                  build/obj/testmbox.o
                                                  build/obj/testmsg.o
                                                  build/obj/testmtx.o
                                                  build/obj/testsem.o
                                                  build/obj/testthd.o
test_print                                        build/obj/test.o
                                                  build/obj/testbmk.o
test_println                                      build/obj/test.o
                                                  build/obj/testbmk.o
test_printn                                       build/obj/test.o
                                                  build/obj/testbmk.o
test_start_timer                                  build/obj/test.o
                                                  build/obj/testbmk.o
test_terminate_threads                            build/obj/test.o
                                                  build/obj/testbmk.o
test_timer_done                                   build/obj/test.o
                                                  build/obj/testbmk.o
test_wait_threads                                 build/obj/test.o
                                                  build/obj/testbmk.o
                                                  build/obj/testqueues.o
                                                  build/obj/testdyn.o
                                                  build/obj/testevt.o
                                                  build/obj/testmtx.o
                                                  build/obj/testsem.o
                                                  build/obj/testthd.o
test_wait_tick                                    build/obj/test.o
                                                  build/obj/testbmk.o
                                                  build/obj/testevt.o
                                                  build/obj/testmtx.o
                                                  build/obj/testsem.o
                                                  build/obj/testthd.o
testbmk1                                          build/obj/testbmk.o
testbmk10                                         build/obj/testbmk.o
testbmk11                                         build/obj/testbmk.o
testbmk12                                         build/obj/testbmk.o
testbmk13                                         build/obj/testbmk.o
testbmk2                                          build/obj/testbmk.o
testbmk3                                          build/obj/testbmk.o
testbmk4                                          build/obj/testbmk.o
testbmk5                                          build/obj/testbmk.o
testbmk6                                          build/obj/testbmk.o
testbmk7                                          build/obj/testbmk.o
testbmk8                                          build/obj/testbmk.o
testbmk9                                          build/obj/testbmk.o
testdyn1                                          build/obj/testdyn.o
testdyn3                                          build/obj/testdyn.o
testevt1                                          build/obj/testevt.o
testevt2                                          build/obj/testevt.o
testevt3                                          build/obj/testevt.o
testheap1                                         build/obj/testheap.o
testmbox1                                         build/obj/testmbox.o
testmsg1                                          build/obj/testmsg.o
testmtx1                                          build/obj/testmtx.o
testmtx2                                          build/obj/testmtx.o
testmtx3                                          build/obj/testmtx.o
testmtx4                                          build/obj/testmtx.o
testmtx5                                          build/obj/testmtx.o
testmtx6                                          build/obj/testmtx.o
testmtx7                                          build/obj/testmtx.o
testmtx8                                          build/obj/testmtx.o
testqueues1                                       build/obj/testqueues.o
testqueues2                                       build/obj/testqueues.o
testsem1                                          build/obj/testsem.o
testsem2                                          build/obj/testsem.o
testsem3                                          build/obj/testsem.o